
> frontend@0.1.0 build
> react-scripts build

node.exe : (node:14524) [DEP0176] DeprecationWarning: fs.F_OK is deprecated, us
e fs.constants.F_OK instead
строка:1 знак:1
+ & "C:\Program Files\nodejs/node.exe" "C:\Program Files\nodejs/node_mo ...
+ ~~~~~~~~~~~~~~~~~~~~~~~~~~~~~~~~~~~~~~~~~~~~~~~~~~~~~~~~~~~~~~~~~~~~~
    + CategoryInfo          : NotSpecified: ((node:14524) [D...ts.F_OK instead 
   :String) [], RemoteException
    + FullyQualifiedErrorId : NativeCommandError
 
(Use `node --trace-deprecation ...` to show where the warning was created)
Creating an optimized production build...
Compiled successfully.

File sizes after gzip:

  173.6 kB  build\static\js\main.881c7b54.js
  7.78 kB   build\static\css\main.9f8f39c7.css
  1.76 kB   build\static\js\453.64aababc.chunk.js

The project was built assuming it is hosted at /.
You can control this with the homepage field in your package.json.

The build folder is ready to be deployed.
You may serve it with a static server:

  npm install -g serve
  serve -s build

Find out more about deployment here:

  https://cra.link/deployment

